<?xml version="1.0" encoding="UTF-8"?>
<testsuites name="jest tests" tests="7" failures="7" errors="0" time="12.523">
  <testsuite name="Login Component" errors="0" failures="7" skipped="0" timestamp="2025-06-22T01:55:40" time="12.278" tests="7">
    <testcase classname="Login Component renders login form with required fields" name="Login Component renders login form with required fields" time="1.251">
      <failure>Error: expect(jest.fn()).toHaveBeenCalled()

Expected number of calls: &gt;= 1
Received number of calls:    0

Ignored nodes: comments, script, style
&lt;html&gt;
  &lt;head /&gt;
  &lt;body&gt;
    &lt;div&gt;
      &lt;div
        class=&quot;MuiPaper-root MuiPaper-elevation MuiPaper-rounded MuiPaper-elevation6 css-1mbg34z-MuiPaper-root&quot;
      &gt;
        &lt;div
          class=&quot;MuiBox-root css-3b2wtl&quot;
        &gt;
          &lt;h1
            class=&quot;MuiTypography-root MuiTypography-h3 MuiTypography-gutterBottom css-f7j15g-MuiTypography-root&quot;
          &gt;
            Welcome Back
          &lt;/h1&gt;
          &lt;h6
            class=&quot;MuiTypography-root MuiTypography-h6 css-zv7rj8-MuiTypography-root&quot;
          &gt;
            Sign in to continue to Kelmah
          &lt;/h6&gt;
        &lt;/div&gt;
        &lt;form
          class=&quot;MuiBox-root css-1yuhvjn&quot;
        &gt;
          &lt;div
            class=&quot;MuiFormControl-root MuiFormControl-fullWidth MuiTextField-root css-32yp37-MuiFormControl-root-MuiTextField-root&quot;
          &gt;
            &lt;label
              class=&quot;MuiFormLabel-root MuiInputLabel-root MuiInputLabel-formControl MuiInputLabel-animated MuiInputLabel-sizeMedium MuiInputLabel-outlined MuiFormLabel-colorPrimary Mui-required MuiInputLabel-root MuiInputLabel-formControl MuiInputLabel-animated MuiInputLabel-sizeMedium MuiInputLabel-outlined css-14s5rfu-MuiFormLabel-root-MuiInputLabel-root&quot;
              data-shrink=&quot;false&quot;
              for=&quot;:r0:&quot;
              id=&quot;:r0:-label&quot;
            &gt;
              Email Address
              &lt;span
                aria-hidden=&quot;true&quot;
                class=&quot;MuiFormLabel-asterisk MuiInputLabel-asterisk css-wgai2y-MuiFormLabel-asterisk&quot;
              &gt;
                 
                *
              &lt;/span&gt;
            &lt;/label&gt;
            &lt;div
              class=&quot;MuiInputBase-root MuiOutlinedInput-root MuiInputBase-colorPrimary MuiInputBase-fullWidth MuiInputBase-formControl css-8vcyns-MuiInputBase-root-MuiOutlinedInput-root&quot;
            &gt;
              &lt;input
                aria-invalid=&quot;false&quot;
                class=&quot;MuiInputBase-input MuiOutlinedInput-input css-1t8l2tu-MuiInputBase-input-MuiOutlinedInput-input&quot;
                id=&quot;:r0:&quot;
                required=&quot;&quot;
                type=&quot;text&quot;
                value=&quot;&quot;
              /&gt;
              &lt;fieldset
                aria-hidden=&quot;true&quot;
                class=&quot;MuiOutlinedInput-notchedOutline css-1d3z3hw-MuiOutlinedInput-notchedOutline&quot;
              &gt;
                &lt;legend
                  class=&quot;css-yjsfm1&quot;
                &gt;
                  &lt;span&gt;
                    Email Address
                     
                    *
                  &lt;/span&gt;
                &lt;/legend&gt;
              &lt;/fieldset&gt;
            &lt;/div&gt;
          &lt;/div&gt;
          &lt;div
            class=&quot;MuiFormControl-root MuiFormControl-fullWidth MuiTextField-root css-1j5gcdd-MuiFormControl-root-MuiTextField-root&quot;
          &gt;
            &lt;label
              class=&quot;MuiFormLabel-root MuiInputLabel-root MuiInputLabel-formControl MuiInputLabel-animated MuiInputLabel-sizeMedium MuiInputLabel-outlined MuiFormLabel-colorPrimary Mui-required MuiInputLabel-root MuiInputLabel-formControl MuiInputLabel-animated MuiInputLabel-sizeMedium MuiInputLabel-outlined css-14s5rfu-MuiFormLabel-root-MuiInputLabel-root&quot;
              data-shrink=&quot;false&quot;
              for=&quot;:r1:&quot;
              id=&quot;:r1:-label&quot;
            &gt;
              Password
              &lt;span
                aria-hidden=&quot;true&quot;
                class=&quot;MuiFormLabel-asterisk MuiInputLabel-asterisk css-wgai2y-MuiFormLabel-asterisk&quot;
              &gt;
                 
                *
              &lt;/span&gt;
            &lt;/label&gt;
            &lt;div
              class=&quot;MuiInputBase-root MuiOutlinedInput-root MuiInputBase-colorPrimary MuiInputBase-fullWidth MuiInputBase-formControl MuiInputBase-adornedEnd css-16zpr8n-MuiInputBase-root-MuiOutlinedInput-root&quot;
            &gt;
              &lt;input
                aria-invalid=&quot;false&quot;
                class=&quot;MuiInputBase-input MuiOutlinedInput-input MuiInputBase-inputAdornedEnd css-nxo287-MuiInputBase-input-MuiOutlinedInput-input&quot;
                id=&quot;:r1:&quot;
                required=&quot;&quot;
                type=&quot;password&quot;
                value=&quot;&quot;
              /&gt;
              &lt;div
                class=&quot;MuiInputAdornment-root MuiInputAdornment-positionEnd MuiInputAdornment-outlined MuiInputAdornment-sizeMedium css-1laqsz7-MuiInputAdornment-root&quot;
              &gt;
                &lt;button
                  class=&quot;MuiButtonBase-root MuiIconButton-root MuiIconButton-edgeEnd MuiIconButton-sizeMedium css-1yq5fb3-MuiButtonBase-root-MuiIconButton-root&quot;
                  tabindex=&quot;0&quot;
                  type=&quot;button&quot;
                &gt;
                  &lt;svg
                    aria-hidden=&quot;true&quot;
                    class=&quot;MuiSvgIcon-root MuiSvgIcon-fontSizeMedium css-i4bv87-MuiSvgIcon-root&quot;
                    data-testid=&quot;VisibilityIcon&quot;
                    focusable=&quot;false&quot;
                    viewBox=&quot;0 0 24 24&quot;
                  &gt;
                    &lt;path
                      d=&quot;M12 4.5C7 4.5 2.73 7.61 1 12c1.73 4.39 6 7.5 11 7.5s9.27-3.11 11-7.5c-1.73-4.39-6-7.5-11-7.5M12 17c-2.76 0-5-2.24-5-5s2.24-5 5-5 5 2.24 5 5-2.24 5-5 5m0-8c-1.66 0-3 1.34-3 3s1.34 3 3 3 3-1.34 3-3-1.34-3-3-3&quot;
                    /&gt;
                  &lt;/svg&gt;
                  &lt;span
                    class=&quot;MuiTouchRipple-root css-8je8zh-MuiTouchRipple-root&quot;
                  /&gt;
                &lt;/button&gt;
              &lt;/div&gt;
          ...
    at toHaveBeenCalled (/workspace/kelmah-frontend/src/tests/components/auth/Login.test.jsx:105:39)
    at runWithExpensiveErrorDiagnosticsDisabled (/workspace/node_modules/@testing-library/react/node_modules/@testing-library/dom/dist/config.js:47:12)
    at checkCallback (/workspace/node_modules/@testing-library/react/node_modules/@testing-library/dom/dist/wait-for.js:124:77)
    at checkRealTimersCallback (/workspace/node_modules/@testing-library/react/node_modules/@testing-library/dom/dist/wait-for.js:118:16)
    at Timeout.task [as _onTimeout] (/workspace/node_modules/jsdom/lib/jsdom/browser/Window.js:520:19)
    at listOnTimeout (node:internal/timers:588:17)
    at processTimers (node:internal/timers:523:7)</failure>
    </testcase>
    <testcase classname="Login Component validates email and password fields" name="Login Component validates email and password fields" time="1.117">
      <failure>Error: Unable to find an element with the text: /email is required/i. This could be because the text is broken up by multiple elements. In this case, you can provide a function for your text matcher to make your matcher more flexible.

Ignored nodes: comments, script, style
&lt;body&gt;
  &lt;div&gt;
    &lt;div
      class=&quot;MuiPaper-root MuiPaper-elevation MuiPaper-rounded MuiPaper-elevation6 css-1mbg34z-MuiPaper-root&quot;
    &gt;
      &lt;div
        class=&quot;MuiBox-root css-3b2wtl&quot;
      &gt;
        &lt;h1
          class=&quot;MuiTypography-root MuiTypography-h3 MuiTypography-gutterBottom css-f7j15g-MuiTypography-root&quot;
        &gt;
          Welcome Back
        &lt;/h1&gt;
        &lt;h6
          class=&quot;MuiTypography-root MuiTypography-h6 css-zv7rj8-MuiTypography-root&quot;
        &gt;
          Sign in to continue to Kelmah
        &lt;/h6&gt;
      &lt;/div&gt;
      &lt;form
        class=&quot;MuiBox-root css-1yuhvjn&quot;
      &gt;
        &lt;div
          class=&quot;MuiFormControl-root MuiFormControl-fullWidth MuiTextField-root css-32yp37-MuiFormControl-root-MuiTextField-root&quot;
        &gt;
          &lt;label
            class=&quot;MuiFormLabel-root MuiInputLabel-root MuiInputLabel-formControl MuiInputLabel-animated MuiInputLabel-sizeMedium MuiInputLabel-outlined MuiFormLabel-colorPrimary Mui-required MuiInputLabel-root MuiInputLabel-formControl MuiInputLabel-animated MuiInputLabel-sizeMedium MuiInputLabel-outlined css-14s5rfu-MuiFormLabel-root-MuiInputLabel-root&quot;
            data-shrink=&quot;false&quot;
            for=&quot;:r2:&quot;
            id=&quot;:r2:-label&quot;
          &gt;
            Email Address
            &lt;span
              aria-hidden=&quot;true&quot;
              class=&quot;MuiFormLabel-asterisk MuiInputLabel-asterisk css-wgai2y-MuiFormLabel-asterisk&quot;
            &gt;
               
              *
            &lt;/span&gt;
          &lt;/label&gt;
          &lt;div
            class=&quot;MuiInputBase-root MuiOutlinedInput-root MuiInputBase-colorPrimary MuiInputBase-fullWidth MuiInputBase-formControl css-8vcyns-MuiInputBase-root-MuiOutlinedInput-root&quot;
          &gt;
            &lt;input
              aria-invalid=&quot;false&quot;
              class=&quot;MuiInputBase-input MuiOutlinedInput-input css-1t8l2tu-MuiInputBase-input-MuiOutlinedInput-input&quot;
              id=&quot;:r2:&quot;
              required=&quot;&quot;
              type=&quot;text&quot;
              value=&quot;&quot;
            /&gt;
            &lt;fieldset
              aria-hidden=&quot;true&quot;
              class=&quot;MuiOutlinedInput-notchedOutline css-1d3z3hw-MuiOutlinedInput-notchedOutline&quot;
            &gt;
              &lt;legend
                class=&quot;css-yjsfm1&quot;
              &gt;
                &lt;span&gt;
                  Email Address
                   
                  *
                &lt;/span&gt;
              &lt;/legend&gt;
            &lt;/fieldset&gt;
          &lt;/div&gt;
        &lt;/div&gt;
        &lt;div
          class=&quot;MuiFormControl-root MuiFormControl-fullWidth MuiTextField-root css-1j5gcdd-MuiFormControl-root-MuiTextField-root&quot;
        &gt;
          &lt;label
            class=&quot;MuiFormLabel-root MuiInputLabel-root MuiInputLabel-formControl MuiInputLabel-animated MuiInputLabel-sizeMedium MuiInputLabel-outlined MuiFormLabel-colorPrimary Mui-required MuiInputLabel-root MuiInputLabel-formControl MuiInputLabel-animated MuiInputLabel-sizeMedium MuiInputLabel-outlined css-14s5rfu-MuiFormLabel-root-MuiInputLabel-root&quot;
            data-shrink=&quot;false&quot;
            for=&quot;:r3:&quot;
            id=&quot;:r3:-label&quot;
          &gt;
            Password
            &lt;span
              aria-hidden=&quot;true&quot;
              class=&quot;MuiFormLabel-asterisk MuiInputLabel-asterisk css-wgai2y-MuiFormLabel-asterisk&quot;
            &gt;
               
              *
            &lt;/span&gt;
          &lt;/label&gt;
          &lt;div
            class=&quot;MuiInputBase-root MuiOutlinedInput-root MuiInputBase-colorPrimary MuiInputBase-fullWidth MuiInputBase-formControl MuiInputBase-adornedEnd css-16zpr8n-MuiInputBase-root-MuiOutlinedInput-root&quot;
          &gt;
            &lt;input
              aria-invalid=&quot;false&quot;
              class=&quot;MuiInputBase-input MuiOutlinedInput-input MuiInputBase-inputAdornedEnd css-nxo287-MuiInputBase-input-MuiOutlinedInput-input&quot;
              id=&quot;:r3:&quot;
              required=&quot;&quot;
              type=&quot;password&quot;
              value=&quot;&quot;
            /&gt;
            &lt;div
              class=&quot;MuiInputAdornment-root MuiInputAdornment-positionEnd MuiInputAdornment-outlined MuiInputAdornment-sizeMedium css-1laqsz7-MuiInputAdornment-root&quot;
            &gt;
              &lt;button
                class=&quot;MuiButtonBase-root MuiIconButton-root MuiIconButton-edgeEnd MuiIconButton-sizeMedium css-1yq5fb3-MuiButtonBase-root-MuiIconButton-root&quot;
                tabindex=&quot;0&quot;
                type=&quot;button&quot;
              &gt;
                &lt;svg
                  aria-hidden=&quot;true&quot;
                  class=&quot;MuiSvgIcon-root MuiSvgIcon-fontSizeMedium css-i4bv87-MuiSvgIcon-root&quot;
                  data-testid=&quot;VisibilityIcon&quot;
                  focusable=&quot;false&quot;
                  viewBox=&quot;0 0 24 24&quot;
                &gt;
                  &lt;path
                    d=&quot;M12 4.5C7 4.5 2.73 7.61 1 12c1.73 4.39 6 7.5 11 7.5s9.27-3.11 11-7.5c-1.73-4.39-6-7.5-11-7.5M12 17c-2.76 0-5-2.24-5-5s2.24-5 5-5 5 2.24 5 5-2.24 5-5 5m0-8c-1.66 0-3 1.34-3 3s1.34 3 3 3 3-1.34 3-3-1.34-3-3-3&quot;
                  /&gt;
                &lt;/svg&gt;
                &lt;span
                  class=&quot;MuiTouchRipple-root css-8je8zh-MuiTouchRipple-root&quot;
                /&gt;
              &lt;/button&gt;
            &lt;/div&gt;
            &lt;fieldset
              aria-hidden=&quot;true&quot;
              class=&quot;MuiOutlinedInput-notchedOutline css-1d3z3hw-MuiOutlinedInput-notchedOutline&quot;
            &gt;
              &lt;legend
                class...
    at waitForWrapper (/workspace/node_modules/@testing-library/react/node_modules/@testing-library/dom/dist/wait-for.js:163:27)
    at _callee2$ (/workspace/kelmah-frontend/src/tests/components/auth/Login.test.jsx:124:18)
    at call (/workspace/kelmah-frontend/src/tests/components/auth/Login.test.jsx:2:1)
    at Generator.s (/workspace/kelmah-frontend/src/tests/components/auth/Login.test.jsx:2:1)
    at Generator._invoke [as next] (/workspace/kelmah-frontend/src/tests/components/auth/Login.test.jsx:2:1)
    at asyncGeneratorStep (/workspace/kelmah-frontend/src/tests/components/auth/Login.test.jsx:2:1)
    at asyncGeneratorStep (/workspace/kelmah-frontend/src/tests/components/auth/Login.test.jsx:2:1)
    at _next (/workspace/kelmah-frontend/src/tests/components/auth/Login.test.jsx:2:1)
    at new Promise (&lt;anonymous&gt;)
    at Object.&lt;anonymous&gt; (/workspace/kelmah-frontend/src/tests/components/auth/Login.test.jsx:2:1)
    at Promise.then.completed (/workspace/node_modules/jest-circus/build/utils.js:298:28)
    at new Promise (&lt;anonymous&gt;)
    at callAsyncCircusFn (/workspace/node_modules/jest-circus/build/utils.js:231:10)
    at _callCircusTest (/workspace/node_modules/jest-circus/build/run.js:316:40)
    at _runTest (/workspace/node_modules/jest-circus/build/run.js:252:3)
    at _runTestsForDescribeBlock (/workspace/node_modules/jest-circus/build/run.js:126:9)
    at _runTestsForDescribeBlock (/workspace/node_modules/jest-circus/build/run.js:121:9)
    at run (/workspace/node_modules/jest-circus/build/run.js:71:3)
    at runAndTransformResultsToJestFormat (/workspace/node_modules/jest-circus/build/legacy-code-todo-rewrite/jestAdapterInit.js:122:21)
    at jestAdapter (/workspace/node_modules/jest-circus/build/legacy-code-todo-rewrite/jestAdapter.js:79:19)
    at runTestInternal (/workspace/node_modules/jest-runner/build/runTest.js:367:16)
    at runTest (/workspace/node_modules/jest-runner/build/runTest.js:444:34)</failure>
    </testcase>
    <testcase classname="Login Component shows error when API is not reachable" name="Login Component shows error when API is not reachable" time="1.025">
      <failure>Error: expect(jest.fn()).toHaveBeenCalled()

Expected number of calls: &gt;= 1
Received number of calls:    0

Ignored nodes: comments, script, style
&lt;html&gt;
  &lt;head /&gt;
  &lt;body&gt;
    &lt;div&gt;
      &lt;div
        class=&quot;MuiPaper-root MuiPaper-elevation MuiPaper-rounded MuiPaper-elevation6 css-1mbg34z-MuiPaper-root&quot;
      &gt;
        &lt;div
          class=&quot;MuiBox-root css-3b2wtl&quot;
        &gt;
          &lt;h1
            class=&quot;MuiTypography-root MuiTypography-h3 MuiTypography-gutterBottom css-f7j15g-MuiTypography-root&quot;
          &gt;
            Welcome Back
          &lt;/h1&gt;
          &lt;h6
            class=&quot;MuiTypography-root MuiTypography-h6 css-zv7rj8-MuiTypography-root&quot;
          &gt;
            Sign in to continue to Kelmah
          &lt;/h6&gt;
        &lt;/div&gt;
        &lt;form
          class=&quot;MuiBox-root css-1yuhvjn&quot;
        &gt;
          &lt;div
            class=&quot;MuiFormControl-root MuiFormControl-fullWidth MuiTextField-root css-32yp37-MuiFormControl-root-MuiTextField-root&quot;
          &gt;
            &lt;label
              class=&quot;MuiFormLabel-root MuiInputLabel-root MuiInputLabel-formControl MuiInputLabel-animated MuiInputLabel-sizeMedium MuiInputLabel-outlined MuiFormLabel-colorPrimary Mui-required MuiInputLabel-root MuiInputLabel-formControl MuiInputLabel-animated MuiInputLabel-sizeMedium MuiInputLabel-outlined css-14s5rfu-MuiFormLabel-root-MuiInputLabel-root&quot;
              data-shrink=&quot;false&quot;
              for=&quot;:r4:&quot;
              id=&quot;:r4:-label&quot;
            &gt;
              Email Address
              &lt;span
                aria-hidden=&quot;true&quot;
                class=&quot;MuiFormLabel-asterisk MuiInputLabel-asterisk css-wgai2y-MuiFormLabel-asterisk&quot;
              &gt;
                 
                *
              &lt;/span&gt;
            &lt;/label&gt;
            &lt;div
              class=&quot;MuiInputBase-root MuiOutlinedInput-root MuiInputBase-colorPrimary MuiInputBase-fullWidth MuiInputBase-formControl css-8vcyns-MuiInputBase-root-MuiOutlinedInput-root&quot;
            &gt;
              &lt;input
                aria-invalid=&quot;false&quot;
                class=&quot;MuiInputBase-input MuiOutlinedInput-input css-1t8l2tu-MuiInputBase-input-MuiOutlinedInput-input&quot;
                id=&quot;:r4:&quot;
                required=&quot;&quot;
                type=&quot;text&quot;
                value=&quot;&quot;
              /&gt;
              &lt;fieldset
                aria-hidden=&quot;true&quot;
                class=&quot;MuiOutlinedInput-notchedOutline css-1d3z3hw-MuiOutlinedInput-notchedOutline&quot;
              &gt;
                &lt;legend
                  class=&quot;css-yjsfm1&quot;
                &gt;
                  &lt;span&gt;
                    Email Address
                     
                    *
                  &lt;/span&gt;
                &lt;/legend&gt;
              &lt;/fieldset&gt;
            &lt;/div&gt;
          &lt;/div&gt;
          &lt;div
            class=&quot;MuiFormControl-root MuiFormControl-fullWidth MuiTextField-root css-1j5gcdd-MuiFormControl-root-MuiTextField-root&quot;
          &gt;
            &lt;label
              class=&quot;MuiFormLabel-root MuiInputLabel-root MuiInputLabel-formControl MuiInputLabel-animated MuiInputLabel-sizeMedium MuiInputLabel-outlined MuiFormLabel-colorPrimary Mui-required MuiInputLabel-root MuiInputLabel-formControl MuiInputLabel-animated MuiInputLabel-sizeMedium MuiInputLabel-outlined css-14s5rfu-MuiFormLabel-root-MuiInputLabel-root&quot;
              data-shrink=&quot;false&quot;
              for=&quot;:r5:&quot;
              id=&quot;:r5:-label&quot;
            &gt;
              Password
              &lt;span
                aria-hidden=&quot;true&quot;
                class=&quot;MuiFormLabel-asterisk MuiInputLabel-asterisk css-wgai2y-MuiFormLabel-asterisk&quot;
              &gt;
                 
                *
              &lt;/span&gt;
            &lt;/label&gt;
            &lt;div
              class=&quot;MuiInputBase-root MuiOutlinedInput-root MuiInputBase-colorPrimary MuiInputBase-fullWidth MuiInputBase-formControl MuiInputBase-adornedEnd css-16zpr8n-MuiInputBase-root-MuiOutlinedInput-root&quot;
            &gt;
              &lt;input
                aria-invalid=&quot;false&quot;
                class=&quot;MuiInputBase-input MuiOutlinedInput-input MuiInputBase-inputAdornedEnd css-nxo287-MuiInputBase-input-MuiOutlinedInput-input&quot;
                id=&quot;:r5:&quot;
                required=&quot;&quot;
                type=&quot;password&quot;
                value=&quot;&quot;
              /&gt;
              &lt;div
                class=&quot;MuiInputAdornment-root MuiInputAdornment-positionEnd MuiInputAdornment-outlined MuiInputAdornment-sizeMedium css-1laqsz7-MuiInputAdornment-root&quot;
              &gt;
                &lt;button
                  class=&quot;MuiButtonBase-root MuiIconButton-root MuiIconButton-edgeEnd MuiIconButton-sizeMedium css-1yq5fb3-MuiButtonBase-root-MuiIconButton-root&quot;
                  tabindex=&quot;0&quot;
                  type=&quot;button&quot;
                &gt;
                  &lt;svg
                    aria-hidden=&quot;true&quot;
                    class=&quot;MuiSvgIcon-root MuiSvgIcon-fontSizeMedium css-i4bv87-MuiSvgIcon-root&quot;
                    data-testid=&quot;VisibilityIcon&quot;
                    focusable=&quot;false&quot;
                    viewBox=&quot;0 0 24 24&quot;
                  &gt;
                    &lt;path
                      d=&quot;M12 4.5C7 4.5 2.73 7.61 1 12c1.73 4.39 6 7.5 11 7.5s9.27-3.11 11-7.5c-1.73-4.39-6-7.5-11-7.5M12 17c-2.76 0-5-2.24-5-5s2.24-5 5-5 5 2.24 5 5-2.24 5-5 5m0-8c-1.66 0-3 1.34-3 3s1.34 3 3 3 3-1.34 3-3-1.34-3-3-3&quot;
                    /&gt;
                  &lt;/svg&gt;
                  &lt;span
                    class=&quot;MuiTouchRipple-root css-8je8zh-MuiTouchRipple-root&quot;
                  /&gt;
                &lt;/button&gt;
              &lt;/div&gt;
          ...
    at toHaveBeenCalled (/workspace/kelmah-frontend/src/tests/components/auth/Login.test.jsx:151:39)
    at runWithExpensiveErrorDiagnosticsDisabled (/workspace/node_modules/@testing-library/react/node_modules/@testing-library/dom/dist/config.js:47:12)
    at checkCallback (/workspace/node_modules/@testing-library/react/node_modules/@testing-library/dom/dist/wait-for.js:124:77)
    at checkRealTimersCallback (/workspace/node_modules/@testing-library/react/node_modules/@testing-library/dom/dist/wait-for.js:118:16)
    at Timeout.task [as _onTimeout] (/workspace/node_modules/jsdom/lib/jsdom/browser/Window.js:520:19)
    at listOnTimeout (node:internal/timers:588:17)
    at processTimers (node:internal/timers:523:7)</failure>
    </testcase>
    <testcase classname="Login Component handles successful login submission" name="Login Component handles successful login submission" time="1.114">
      <failure>Error: expect(jest.fn()).toHaveBeenCalled()

Expected number of calls: &gt;= 1
Received number of calls:    0

Ignored nodes: comments, script, style
&lt;html&gt;
  &lt;head /&gt;
  &lt;body&gt;
    &lt;div&gt;
      &lt;div
        class=&quot;MuiPaper-root MuiPaper-elevation MuiPaper-rounded MuiPaper-elevation6 css-1mbg34z-MuiPaper-root&quot;
      &gt;
        &lt;div
          class=&quot;MuiBox-root css-3b2wtl&quot;
        &gt;
          &lt;h1
            class=&quot;MuiTypography-root MuiTypography-h3 MuiTypography-gutterBottom css-f7j15g-MuiTypography-root&quot;
          &gt;
            Welcome Back
          &lt;/h1&gt;
          &lt;h6
            class=&quot;MuiTypography-root MuiTypography-h6 css-zv7rj8-MuiTypography-root&quot;
          &gt;
            Sign in to continue to Kelmah
          &lt;/h6&gt;
        &lt;/div&gt;
        &lt;form
          class=&quot;MuiBox-root css-1yuhvjn&quot;
        &gt;
          &lt;div
            class=&quot;MuiFormControl-root MuiFormControl-fullWidth MuiTextField-root css-32yp37-MuiFormControl-root-MuiTextField-root&quot;
          &gt;
            &lt;label
              class=&quot;MuiFormLabel-root MuiInputLabel-root MuiInputLabel-formControl MuiInputLabel-animated MuiInputLabel-shrink MuiInputLabel-sizeMedium MuiInputLabel-outlined MuiFormLabel-colorPrimary MuiFormLabel-filled Mui-required MuiInputLabel-root MuiInputLabel-formControl MuiInputLabel-animated MuiInputLabel-shrink MuiInputLabel-sizeMedium MuiInputLabel-outlined css-1jy569b-MuiFormLabel-root-MuiInputLabel-root&quot;
              data-shrink=&quot;true&quot;
              for=&quot;:r6:&quot;
              id=&quot;:r6:-label&quot;
            &gt;
              Email Address
              &lt;span
                aria-hidden=&quot;true&quot;
                class=&quot;MuiFormLabel-asterisk MuiInputLabel-asterisk css-wgai2y-MuiFormLabel-asterisk&quot;
              &gt;
                 
                *
              &lt;/span&gt;
            &lt;/label&gt;
            &lt;div
              class=&quot;MuiInputBase-root MuiOutlinedInput-root MuiInputBase-colorPrimary MuiInputBase-fullWidth MuiInputBase-formControl css-8vcyns-MuiInputBase-root-MuiOutlinedInput-root&quot;
            &gt;
              &lt;input
                aria-invalid=&quot;false&quot;
                class=&quot;MuiInputBase-input MuiOutlinedInput-input css-1t8l2tu-MuiInputBase-input-MuiOutlinedInput-input&quot;
                id=&quot;:r6:&quot;
                name=&quot;email&quot;
                required=&quot;&quot;
                type=&quot;text&quot;
                value=&quot;test@example.com&quot;
              /&gt;
              &lt;fieldset
                aria-hidden=&quot;true&quot;
                class=&quot;MuiOutlinedInput-notchedOutline css-1d3z3hw-MuiOutlinedInput-notchedOutline&quot;
              &gt;
                &lt;legend
                  class=&quot;css-14lo706&quot;
                &gt;
                  &lt;span&gt;
                    Email Address
                     
                    *
                  &lt;/span&gt;
                &lt;/legend&gt;
              &lt;/fieldset&gt;
            &lt;/div&gt;
          &lt;/div&gt;
          &lt;div
            class=&quot;MuiFormControl-root MuiFormControl-fullWidth MuiTextField-root css-1j5gcdd-MuiFormControl-root-MuiTextField-root&quot;
          &gt;
            &lt;label
              class=&quot;MuiFormLabel-root MuiInputLabel-root MuiInputLabel-formControl MuiInputLabel-animated MuiInputLabel-shrink MuiInputLabel-sizeMedium MuiInputLabel-outlined MuiFormLabel-colorPrimary MuiFormLabel-filled Mui-required MuiInputLabel-root MuiInputLabel-formControl MuiInputLabel-animated MuiInputLabel-shrink MuiInputLabel-sizeMedium MuiInputLabel-outlined css-1jy569b-MuiFormLabel-root-MuiInputLabel-root&quot;
              data-shrink=&quot;true&quot;
              for=&quot;:r7:&quot;
              id=&quot;:r7:-label&quot;
            &gt;
              Password
              &lt;span
                aria-hidden=&quot;true&quot;
                class=&quot;MuiFormLabel-asterisk MuiInputLabel-asterisk css-wgai2y-MuiFormLabel-asterisk&quot;
              &gt;
                 
                *
              &lt;/span&gt;
            &lt;/label&gt;
            &lt;div
              class=&quot;MuiInputBase-root MuiOutlinedInput-root MuiInputBase-colorPrimary MuiInputBase-fullWidth MuiInputBase-formControl MuiInputBase-adornedEnd css-16zpr8n-MuiInputBase-root-MuiOutlinedInput-root&quot;
            &gt;
              &lt;input
                aria-invalid=&quot;false&quot;
                class=&quot;MuiInputBase-input MuiOutlinedInput-input MuiInputBase-inputAdornedEnd css-nxo287-MuiInputBase-input-MuiOutlinedInput-input&quot;
                id=&quot;:r7:&quot;
                name=&quot;password&quot;
                required=&quot;&quot;
                type=&quot;password&quot;
                value=&quot;Password123&quot;
              /&gt;
              &lt;div
                class=&quot;MuiInputAdornment-root MuiInputAdornment-positionEnd MuiInputAdornment-outlined MuiInputAdornment-sizeMedium css-1laqsz7-MuiInputAdornment-root&quot;
              &gt;
                &lt;button
                  class=&quot;MuiButtonBase-root MuiIconButton-root MuiIconButton-edgeEnd MuiIconButton-sizeMedium css-1yq5fb3-MuiButtonBase-root-MuiIconButton-root&quot;
                  tabindex=&quot;0&quot;
                  type=&quot;button&quot;
                &gt;
                  &lt;svg
                    aria-hidden=&quot;true&quot;
                    class=&quot;MuiSvgIcon-root MuiSvgIcon-fontSizeMedium css-i4bv87-MuiSvgIcon-root&quot;
                    data-testid=&quot;VisibilityIcon&quot;
                    focusable=&quot;false&quot;
                    viewBox=&quot;0 0 24 24&quot;
                  &gt;
                    &lt;path
                      d=&quot;M12 4.5C7 4.5 2.73 7.61 1 12c1.73 4.39 6 7.5 11 7.5s9.27-3.11 11-7.5c-1.73-4.39-6-7.5-11-7.5M12 17c-2.76 0-5-2.24-5-5s2.24-5 5-5 5 2.24 5 5-2.24 5-5 5m0-8c-1.66 0-3 1.34-3 3s1.34 3 3 3 3-1.34 3-3-1.34-3-3-3&quot;
                    /&gt;
                  &lt;/...
    at toHaveBeenCalled (/workspace/kelmah-frontend/src/tests/components/auth/Login.test.jsx:183:34)
    at runWithExpensiveErrorDiagnosticsDisabled (/workspace/node_modules/@testing-library/react/node_modules/@testing-library/dom/dist/config.js:47:12)
    at checkCallback (/workspace/node_modules/@testing-library/react/node_modules/@testing-library/dom/dist/wait-for.js:124:77)
    at checkRealTimersCallback (/workspace/node_modules/@testing-library/react/node_modules/@testing-library/dom/dist/wait-for.js:118:16)
    at Timeout.task [as _onTimeout] (/workspace/node_modules/jsdom/lib/jsdom/browser/Window.js:520:19)
    at listOnTimeout (node:internal/timers:588:17)
    at processTimers (node:internal/timers:523:7)</failure>
    </testcase>
    <testcase classname="Login Component toggles password visibility" name="Login Component toggles password visibility" time="0.442">
      <failure>TestingLibraryElementError: Unable to find an accessible element with the role &quot;button&quot; and name `/toggle password visibility/i`

Here are the accessible roles:

  heading:

  Name &quot;Welcome Back&quot;:
  &lt;h1
    class=&quot;MuiTypography-root MuiTypography-h3 MuiTypography-gutterBottom css-f7j15g-MuiTypography-root&quot;
  /&gt;

  Name &quot;Sign in to continue to Kelmah&quot;:
  &lt;h6
    class=&quot;MuiTypography-root MuiTypography-h6 css-zv7rj8-MuiTypography-root&quot;
  /&gt;

  --------------------------------------------------
  textbox:

  Name &quot;Email Address&quot;:
  &lt;input
    aria-invalid=&quot;false&quot;
    class=&quot;MuiInputBase-input MuiOutlinedInput-input css-1t8l2tu-MuiInputBase-input-MuiOutlinedInput-input&quot;
    id=&quot;:r8:&quot;
    required=&quot;&quot;
    type=&quot;text&quot;
    value=&quot;&quot;
  /&gt;

  --------------------------------------------------
  button:

  Name &quot;&quot;:
  &lt;button
    class=&quot;MuiButtonBase-root MuiIconButton-root MuiIconButton-edgeEnd MuiIconButton-sizeMedium css-1yq5fb3-MuiButtonBase-root-MuiIconButton-root&quot;
    tabindex=&quot;0&quot;
    type=&quot;button&quot;
  /&gt;

  Name &quot;Sign In&quot;:
  &lt;button
    class=&quot;MuiButtonBase-root MuiButton-root MuiButton-contained MuiButton-containedPrimary MuiButton-sizeMedium MuiButton-containedSizeMedium MuiButton-colorPrimary MuiButton-fullWidth MuiButton-root MuiButton-contained MuiButton-containedPrimary MuiButton-sizeMedium MuiButton-containedSizeMedium MuiButton-colorPrimary MuiButton-fullWidth css-11190uz-MuiButtonBase-root-MuiButton-root&quot;
    tabindex=&quot;0&quot;
    type=&quot;submit&quot;
  /&gt;

  Name &quot;Google&quot;:
  &lt;button
    class=&quot;MuiButtonBase-root MuiButton-root MuiButton-outlined MuiButton-outlinedPrimary MuiButton-sizeMedium MuiButton-outlinedSizeMedium MuiButton-colorPrimary MuiButton-fullWidth MuiButton-root MuiButton-outlined MuiButton-outlinedPrimary MuiButton-sizeMedium MuiButton-outlinedSizeMedium MuiButton-colorPrimary MuiButton-fullWidth css-iljjut-MuiButtonBase-root-MuiButton-root&quot;
    tabindex=&quot;0&quot;
    type=&quot;button&quot;
  /&gt;

  Name &quot;LinkedIn&quot;:
  &lt;button
    class=&quot;MuiButtonBase-root MuiButton-root MuiButton-outlined MuiButton-outlinedPrimary MuiButton-sizeMedium MuiButton-outlinedSizeMedium MuiButton-colorPrimary MuiButton-fullWidth MuiButton-root MuiButton-outlined MuiButton-outlinedPrimary MuiButton-sizeMedium MuiButton-outlinedSizeMedium MuiButton-colorPrimary MuiButton-fullWidth css-1ycb4zp-MuiButtonBase-root-MuiButton-root&quot;
    tabindex=&quot;0&quot;
    type=&quot;button&quot;
  /&gt;

  --------------------------------------------------
  checkbox:

  Name &quot;Remember me&quot;:
  &lt;input
    class=&quot;PrivateSwitchBase-input css-1m9pwf3&quot;
    data-indeterminate=&quot;false&quot;
    type=&quot;checkbox&quot;
  /&gt;

  --------------------------------------------------
  separator:

  Name &quot;&quot;:
  &lt;div
    class=&quot;MuiDivider-root MuiDivider-fullWidth MuiDivider-withChildren css-uwhsux-MuiDivider-root&quot;
    role=&quot;separator&quot;
  /&gt;

  --------------------------------------------------

Ignored nodes: comments, script, style
&lt;body&gt;
  &lt;div&gt;
    &lt;div
      class=&quot;MuiPaper-root MuiPaper-elevation MuiPaper-rounded MuiPaper-elevation6 css-1mbg34z-MuiPaper-root&quot;
    &gt;
      &lt;div
        class=&quot;MuiBox-root css-3b2wtl&quot;
      &gt;
        &lt;h1
          class=&quot;MuiTypography-root MuiTypography-h3 MuiTypography-gutterBottom css-f7j15g-MuiTypography-root&quot;
        &gt;
          Welcome Back
        &lt;/h1&gt;
        &lt;h6
          class=&quot;MuiTypography-root MuiTypography-h6 css-zv7rj8-MuiTypography-root&quot;
        &gt;
          Sign in to continue to Kelmah
        &lt;/h6&gt;
      &lt;/div&gt;
      &lt;form
        class=&quot;MuiBox-root css-1yuhvjn&quot;
      &gt;
        &lt;div
          class=&quot;MuiFormControl-root MuiFormControl-fullWidth MuiTextField-root css-32yp37-MuiFormControl-root-MuiTextField-root&quot;
        &gt;
          &lt;label
            class=&quot;MuiFormLabel-root MuiInputLabel-root MuiInputLabel-formControl MuiInputLabel-animated MuiInputLabel-sizeMedium MuiInputLabel-outlined MuiFormLabel-colorPrimary Mui-required MuiInputLabel-root MuiInputLabel-formControl MuiInputLabel-animated MuiInputLabel-sizeMedium MuiInputLabel-outlined css-14s5rfu-MuiFormLabel-root-MuiInputLabel-root&quot;
            data-shrink=&quot;false&quot;
            for=&quot;:r8:&quot;
            id=&quot;:r8:-label&quot;
          &gt;
            Email Address
            &lt;span
              aria-hidden=&quot;true&quot;
              class=&quot;MuiFormLabel-asterisk MuiInputLabel-asterisk css-wgai2y-MuiFormLabel-asterisk&quot;
            &gt;
               
              *
            &lt;/span&gt;
          &lt;/label&gt;
          &lt;div
            class=&quot;MuiInputBase-root MuiOutlinedInput-root MuiInputBase-colorPrimary MuiInputBase-fullWidth MuiInputBase-formControl css-8vcyns-MuiInputBase-root-MuiOutlinedInput-root&quot;
          &gt;
            &lt;input
              aria-invalid=&quot;false&quot;
              class=&quot;MuiInputBase-input MuiOutlinedInput-input css-1t8l2tu-MuiInputBase-input-MuiOutlinedInput-input&quot;
              id=&quot;:r8:&quot;
              required=&quot;&quot;
              type=&quot;text&quot;
              value=&quot;&quot;
            /&gt;
            &lt;fieldset
              aria-hidden=&quot;true&quot;
              class=&quot;MuiOutlinedInput-notchedOutline css-1d3z3hw-MuiOutlinedInput-notchedOutline&quot;
            &gt;
              &lt;legend
                class=&quot;css-yjsfm1&quot;
              &gt;
                &lt;span&gt;
                  Email Address
                   
                  *
                &lt;/span&gt;
              &lt;/legend&gt;
            &lt;/fieldset&gt;
          &lt;/div&gt;
        &lt;/div&gt;
        &lt;div
          class=&quot;MuiFormControl-root MuiFormControl-fullWidth MuiTextField-root css-1j5gcdd-MuiFormControl-root-MuiTextField-root&quot;
        &gt;
          &lt;label
            class=&quot;MuiFormLabel-root MuiInputLabel-root MuiInputLabel-formControl MuiInputLabel-animated MuiInputLabel-sizeMedium MuiInputLabel-outlined MuiFormLabel-colorPrimary Mui-required MuiInputLabel-root MuiInputLabel-formControl MuiInputLabel-animated MuiInputLabel-sizeMedium MuiInputLabel-outlined css-14s5rfu-MuiFormLabel-root-MuiInputLabel-root&quot;
            data-shrink=&quot;false&quot;
            for=&quot;:r9:&quot;
            id=&quot;:r9:-label&quot;
          &gt;
            Password
            &lt;span
              aria-hidden=&quot;true&quot;
              class=&quot;MuiFormLabel-asterisk MuiInputLabel-asterisk css-wgai2y-MuiFormLabel-asterisk&quot;
            &gt;
               
              *
            &lt;/span&gt;
          &lt;/label&gt;
          &lt;div
            class=&quot;MuiInputBase-root MuiOutlinedInput-root MuiInputBase-colorPrimary MuiInputBase-fullWidth MuiInputBase-formControl MuiInputBase-adornedEnd css-16zpr8n-MuiInputBase-root-MuiOutlinedInput-root&quot;
          &gt;
            &lt;input
              aria-invalid=&quot;false&quot;
              class=&quot;MuiInputBase-input MuiOutlinedInput-input MuiInputBase-inputAdornedEnd css-nxo287-MuiInputBase-input-MuiOutlinedInput-input&quot;
              id=&quot;:r9:&quot;
              required=&quot;&quot;
              type=&quot;password&quot;
              value=&quot;&quot;
            /&gt;
            &lt;div
              class=&quot;MuiInputAdornment-root MuiInputAdornment-positionEnd MuiInputAdornment-outlined MuiInputAdornment-sizeMedium css-1laqsz7-MuiInputAdornment-root&quot;
            &gt;
              &lt;button
                class=&quot;MuiButtonBase-root MuiIconButton-root MuiIconButton-edgeEnd MuiIconButton-sizeMedium css-1yq5fb3-MuiButtonBase-root-MuiIconButton-root&quot;
                tabindex=&quot;0&quot;
                type=&quot;button&quot;
              &gt;
                &lt;svg
                  aria-hidden=&quot;true&quot;
                  class=&quot;MuiSvgIcon-root MuiSvgIcon-fontSizeMedium css-i4bv87-MuiSvgIcon-root&quot;
                  data-testid=&quot;VisibilityIcon&quot;
                  focusable=&quot;false&quot;
                  viewBox=&quot;0 0 24 24&quot;
                &gt;
                  &lt;path
                    d=&quot;M12 4.5C7 4.5 2.73 7.61 1 12c1.73 4.39 6 7.5 11 7.5s9.27-3.11 11-7.5c-1.73-4.39-6-7.5-11-7.5M12 17c-2.76 0-5-2.24-5-5s2.24-5 5-5 5 2.24 5 5-2.24 5-5 5m0-8c-1.66 0-3 1.34-3 3s1.34 3 3 3 3-1.34 3-3-1.34-3-3-3&quot;
                  /&gt;
                &lt;/svg&gt;
                &lt;span
                  class=&quot;MuiTouchRipple-root css-8je8zh-MuiTouchRipple-root&quot;
                /&gt;
              &lt;/button&gt;
            &lt;/div&gt;
            &lt;fieldset
              aria-hidden=&quot;true&quot;
              class=&quot;MuiOutlinedInput-notchedOutline css-1d3z3hw-MuiOutlinedInput-notchedOutline&quot;
            &gt;
              &lt;legend
                class...
    at Object.getElementError (/workspace/node_modules/@testing-library/react/node_modules/@testing-library/dom/dist/config.js:37:19)
    at /workspace/node_modules/@testing-library/react/node_modules/@testing-library/dom/dist/query-helpers.js:76:38
    at /workspace/node_modules/@testing-library/react/node_modules/@testing-library/dom/dist/query-helpers.js:52:17
    at /workspace/node_modules/@testing-library/react/node_modules/@testing-library/dom/dist/query-helpers.js:95:19
    at getByRole (/workspace/kelmah-frontend/src/tests/components/auth/Login.test.jsx:195:33)
    at call (/workspace/kelmah-frontend/src/tests/components/auth/Login.test.jsx:2:1)
    at Generator.s (/workspace/kelmah-frontend/src/tests/components/auth/Login.test.jsx:2:1)
    at Generator._invoke [as next] (/workspace/kelmah-frontend/src/tests/components/auth/Login.test.jsx:2:1)
    at asyncGeneratorStep (/workspace/kelmah-frontend/src/tests/components/auth/Login.test.jsx:2:1)
    at asyncGeneratorStep (/workspace/kelmah-frontend/src/tests/components/auth/Login.test.jsx:2:1)
    at _next (/workspace/kelmah-frontend/src/tests/components/auth/Login.test.jsx:2:1)
    at new Promise (&lt;anonymous&gt;)
    at Object.&lt;anonymous&gt; (/workspace/kelmah-frontend/src/tests/components/auth/Login.test.jsx:2:1)
    at Promise.then.completed (/workspace/node_modules/jest-circus/build/utils.js:298:28)
    at new Promise (&lt;anonymous&gt;)
    at callAsyncCircusFn (/workspace/node_modules/jest-circus/build/utils.js:231:10)
    at _callCircusTest (/workspace/node_modules/jest-circus/build/run.js:316:40)
    at runNextTicks (node:internal/process/task_queues:65:5)
    at listOnTimeout (node:internal/timers:549:9)
    at processTimers (node:internal/timers:523:7)
    at _runTest (/workspace/node_modules/jest-circus/build/run.js:252:3)
    at _runTestsForDescribeBlock (/workspace/node_modules/jest-circus/build/run.js:126:9)
    at _runTestsForDescribeBlock (/workspace/node_modules/jest-circus/build/run.js:121:9)
    at run (/workspace/node_modules/jest-circus/build/run.js:71:3)
    at runAndTransformResultsToJestFormat (/workspace/node_modules/jest-circus/build/legacy-code-todo-rewrite/jestAdapterInit.js:122:21)
    at jestAdapter (/workspace/node_modules/jest-circus/build/legacy-code-todo-rewrite/jestAdapter.js:79:19)
    at runTestInternal (/workspace/node_modules/jest-runner/build/runTest.js:367:16)
    at runTest (/workspace/node_modules/jest-runner/build/runTest.js:444:34)</failure>
    </testcase>
    <testcase classname="Login Component displays OAuth login options" name="Login Component displays OAuth login options" time="0.419">
      <failure>TestingLibraryElementError: Unable to find an accessible element with the role &quot;button&quot; and name `/continue with google/i`

Here are the accessible roles:

  heading:

  Name &quot;Welcome Back&quot;:
  &lt;h1
    class=&quot;MuiTypography-root MuiTypography-h3 MuiTypography-gutterBottom css-f7j15g-MuiTypography-root&quot;
  /&gt;

  Name &quot;Sign in to continue to Kelmah&quot;:
  &lt;h6
    class=&quot;MuiTypography-root MuiTypography-h6 css-zv7rj8-MuiTypography-root&quot;
  /&gt;

  --------------------------------------------------
  textbox:

  Name &quot;Email Address&quot;:
  &lt;input
    aria-invalid=&quot;false&quot;
    class=&quot;MuiInputBase-input MuiOutlinedInput-input css-1t8l2tu-MuiInputBase-input-MuiOutlinedInput-input&quot;
    id=&quot;:ra:&quot;
    required=&quot;&quot;
    type=&quot;text&quot;
    value=&quot;&quot;
  /&gt;

  --------------------------------------------------
  button:

  Name &quot;&quot;:
  &lt;button
    class=&quot;MuiButtonBase-root MuiIconButton-root MuiIconButton-edgeEnd MuiIconButton-sizeMedium css-1yq5fb3-MuiButtonBase-root-MuiIconButton-root&quot;
    tabindex=&quot;0&quot;
    type=&quot;button&quot;
  /&gt;

  Name &quot;Sign In&quot;:
  &lt;button
    class=&quot;MuiButtonBase-root MuiButton-root MuiButton-contained MuiButton-containedPrimary MuiButton-sizeMedium MuiButton-containedSizeMedium MuiButton-colorPrimary MuiButton-fullWidth MuiButton-root MuiButton-contained MuiButton-containedPrimary MuiButton-sizeMedium MuiButton-containedSizeMedium MuiButton-colorPrimary MuiButton-fullWidth css-11190uz-MuiButtonBase-root-MuiButton-root&quot;
    tabindex=&quot;0&quot;
    type=&quot;submit&quot;
  /&gt;

  Name &quot;Google&quot;:
  &lt;button
    class=&quot;MuiButtonBase-root MuiButton-root MuiButton-outlined MuiButton-outlinedPrimary MuiButton-sizeMedium MuiButton-outlinedSizeMedium MuiButton-colorPrimary MuiButton-fullWidth MuiButton-root MuiButton-outlined MuiButton-outlinedPrimary MuiButton-sizeMedium MuiButton-outlinedSizeMedium MuiButton-colorPrimary MuiButton-fullWidth css-iljjut-MuiButtonBase-root-MuiButton-root&quot;
    tabindex=&quot;0&quot;
    type=&quot;button&quot;
  /&gt;

  Name &quot;LinkedIn&quot;:
  &lt;button
    class=&quot;MuiButtonBase-root MuiButton-root MuiButton-outlined MuiButton-outlinedPrimary MuiButton-sizeMedium MuiButton-outlinedSizeMedium MuiButton-colorPrimary MuiButton-fullWidth MuiButton-root MuiButton-outlined MuiButton-outlinedPrimary MuiButton-sizeMedium MuiButton-outlinedSizeMedium MuiButton-colorPrimary MuiButton-fullWidth css-1ycb4zp-MuiButtonBase-root-MuiButton-root&quot;
    tabindex=&quot;0&quot;
    type=&quot;button&quot;
  /&gt;

  --------------------------------------------------
  checkbox:

  Name &quot;Remember me&quot;:
  &lt;input
    class=&quot;PrivateSwitchBase-input css-1m9pwf3&quot;
    data-indeterminate=&quot;false&quot;
    type=&quot;checkbox&quot;
  /&gt;

  --------------------------------------------------
  separator:

  Name &quot;&quot;:
  &lt;div
    class=&quot;MuiDivider-root MuiDivider-fullWidth MuiDivider-withChildren css-uwhsux-MuiDivider-root&quot;
    role=&quot;separator&quot;
  /&gt;

  --------------------------------------------------

Ignored nodes: comments, script, style
&lt;body&gt;
  &lt;div&gt;
    &lt;div
      class=&quot;MuiPaper-root MuiPaper-elevation MuiPaper-rounded MuiPaper-elevation6 css-1mbg34z-MuiPaper-root&quot;
    &gt;
      &lt;div
        class=&quot;MuiBox-root css-3b2wtl&quot;
      &gt;
        &lt;h1
          class=&quot;MuiTypography-root MuiTypography-h3 MuiTypography-gutterBottom css-f7j15g-MuiTypography-root&quot;
        &gt;
          Welcome Back
        &lt;/h1&gt;
        &lt;h6
          class=&quot;MuiTypography-root MuiTypography-h6 css-zv7rj8-MuiTypography-root&quot;
        &gt;
          Sign in to continue to Kelmah
        &lt;/h6&gt;
      &lt;/div&gt;
      &lt;form
        class=&quot;MuiBox-root css-1yuhvjn&quot;
      &gt;
        &lt;div
          class=&quot;MuiFormControl-root MuiFormControl-fullWidth MuiTextField-root css-32yp37-MuiFormControl-root-MuiTextField-root&quot;
        &gt;
          &lt;label
            class=&quot;MuiFormLabel-root MuiInputLabel-root MuiInputLabel-formControl MuiInputLabel-animated MuiInputLabel-sizeMedium MuiInputLabel-outlined MuiFormLabel-colorPrimary Mui-required MuiInputLabel-root MuiInputLabel-formControl MuiInputLabel-animated MuiInputLabel-sizeMedium MuiInputLabel-outlined css-14s5rfu-MuiFormLabel-root-MuiInputLabel-root&quot;
            data-shrink=&quot;false&quot;
            for=&quot;:ra:&quot;
            id=&quot;:ra:-label&quot;
          &gt;
            Email Address
            &lt;span
              aria-hidden=&quot;true&quot;
              class=&quot;MuiFormLabel-asterisk MuiInputLabel-asterisk css-wgai2y-MuiFormLabel-asterisk&quot;
            &gt;
               
              *
            &lt;/span&gt;
          &lt;/label&gt;
          &lt;div
            class=&quot;MuiInputBase-root MuiOutlinedInput-root MuiInputBase-colorPrimary MuiInputBase-fullWidth MuiInputBase-formControl css-8vcyns-MuiInputBase-root-MuiOutlinedInput-root&quot;
          &gt;
            &lt;input
              aria-invalid=&quot;false&quot;
              class=&quot;MuiInputBase-input MuiOutlinedInput-input css-1t8l2tu-MuiInputBase-input-MuiOutlinedInput-input&quot;
              id=&quot;:ra:&quot;
              required=&quot;&quot;
              type=&quot;text&quot;
              value=&quot;&quot;
            /&gt;
            &lt;fieldset
              aria-hidden=&quot;true&quot;
              class=&quot;MuiOutlinedInput-notchedOutline css-1d3z3hw-MuiOutlinedInput-notchedOutline&quot;
            &gt;
              &lt;legend
                class=&quot;css-yjsfm1&quot;
              &gt;
                &lt;span&gt;
                  Email Address
                   
                  *
                &lt;/span&gt;
              &lt;/legend&gt;
            &lt;/fieldset&gt;
          &lt;/div&gt;
        &lt;/div&gt;
        &lt;div
          class=&quot;MuiFormControl-root MuiFormControl-fullWidth MuiTextField-root css-1j5gcdd-MuiFormControl-root-MuiTextField-root&quot;
        &gt;
          &lt;label
            class=&quot;MuiFormLabel-root MuiInputLabel-root MuiInputLabel-formControl MuiInputLabel-animated MuiInputLabel-sizeMedium MuiInputLabel-outlined MuiFormLabel-colorPrimary Mui-required MuiInputLabel-root MuiInputLabel-formControl MuiInputLabel-animated MuiInputLabel-sizeMedium MuiInputLabel-outlined css-14s5rfu-MuiFormLabel-root-MuiInputLabel-root&quot;
            data-shrink=&quot;false&quot;
            for=&quot;:rb:&quot;
            id=&quot;:rb:-label&quot;
          &gt;
            Password
            &lt;span
              aria-hidden=&quot;true&quot;
              class=&quot;MuiFormLabel-asterisk MuiInputLabel-asterisk css-wgai2y-MuiFormLabel-asterisk&quot;
            &gt;
               
              *
            &lt;/span&gt;
          &lt;/label&gt;
          &lt;div
            class=&quot;MuiInputBase-root MuiOutlinedInput-root MuiInputBase-colorPrimary MuiInputBase-fullWidth MuiInputBase-formControl MuiInputBase-adornedEnd css-16zpr8n-MuiInputBase-root-MuiOutlinedInput-root&quot;
          &gt;
            &lt;input
              aria-invalid=&quot;false&quot;
              class=&quot;MuiInputBase-input MuiOutlinedInput-input MuiInputBase-inputAdornedEnd css-nxo287-MuiInputBase-input-MuiOutlinedInput-input&quot;
              id=&quot;:rb:&quot;
              required=&quot;&quot;
              type=&quot;password&quot;
              value=&quot;&quot;
            /&gt;
            &lt;div
              class=&quot;MuiInputAdornment-root MuiInputAdornment-positionEnd MuiInputAdornment-outlined MuiInputAdornment-sizeMedium css-1laqsz7-MuiInputAdornment-root&quot;
            &gt;
              &lt;button
                class=&quot;MuiButtonBase-root MuiIconButton-root MuiIconButton-edgeEnd MuiIconButton-sizeMedium css-1yq5fb3-MuiButtonBase-root-MuiIconButton-root&quot;
                tabindex=&quot;0&quot;
                type=&quot;button&quot;
              &gt;
                &lt;svg
                  aria-hidden=&quot;true&quot;
                  class=&quot;MuiSvgIcon-root MuiSvgIcon-fontSizeMedium css-i4bv87-MuiSvgIcon-root&quot;
                  data-testid=&quot;VisibilityIcon&quot;
                  focusable=&quot;false&quot;
                  viewBox=&quot;0 0 24 24&quot;
                &gt;
                  &lt;path
                    d=&quot;M12 4.5C7 4.5 2.73 7.61 1 12c1.73 4.39 6 7.5 11 7.5s9.27-3.11 11-7.5c-1.73-4.39-6-7.5-11-7.5M12 17c-2.76 0-5-2.24-5-5s2.24-5 5-5 5 2.24 5 5-2.24 5-5 5m0-8c-1.66 0-3 1.34-3 3s1.34 3 3 3 3-1.34 3-3-1.34-3-3-3&quot;
                  /&gt;
                &lt;/svg&gt;
                &lt;span
                  class=&quot;MuiTouchRipple-root css-8je8zh-MuiTouchRipple-root&quot;
                /&gt;
              &lt;/button&gt;
            &lt;/div&gt;
            &lt;fieldset
              aria-hidden=&quot;true&quot;
              class=&quot;MuiOutlinedInput-notchedOutline css-1d3z3hw-MuiOutlinedInput-notchedOutline&quot;
            &gt;
              &lt;legend
                class...
    at Object.getElementError (/workspace/node_modules/@testing-library/react/node_modules/@testing-library/dom/dist/config.js:37:19)
    at /workspace/node_modules/@testing-library/react/node_modules/@testing-library/dom/dist/query-helpers.js:76:38
    at /workspace/node_modules/@testing-library/react/node_modules/@testing-library/dom/dist/query-helpers.js:52:17
    at /workspace/node_modules/@testing-library/react/node_modules/@testing-library/dom/dist/query-helpers.js:95:19
    at getByRole (/workspace/kelmah-frontend/src/tests/components/auth/Login.test.jsx:210:19)
    at call (/workspace/kelmah-frontend/src/tests/components/auth/Login.test.jsx:2:1)
    at Generator.s (/workspace/kelmah-frontend/src/tests/components/auth/Login.test.jsx:2:1)
    at Generator._invoke [as next] (/workspace/kelmah-frontend/src/tests/components/auth/Login.test.jsx:2:1)
    at asyncGeneratorStep (/workspace/kelmah-frontend/src/tests/components/auth/Login.test.jsx:2:1)
    at asyncGeneratorStep (/workspace/kelmah-frontend/src/tests/components/auth/Login.test.jsx:2:1)
    at _next (/workspace/kelmah-frontend/src/tests/components/auth/Login.test.jsx:2:1)
    at new Promise (&lt;anonymous&gt;)
    at Object.&lt;anonymous&gt; (/workspace/kelmah-frontend/src/tests/components/auth/Login.test.jsx:2:1)
    at Promise.then.completed (/workspace/node_modules/jest-circus/build/utils.js:298:28)
    at new Promise (&lt;anonymous&gt;)
    at callAsyncCircusFn (/workspace/node_modules/jest-circus/build/utils.js:231:10)
    at _callCircusTest (/workspace/node_modules/jest-circus/build/run.js:316:40)
    at runNextTicks (node:internal/process/task_queues:65:5)
    at listOnTimeout (node:internal/timers:549:9)
    at processTimers (node:internal/timers:523:7)
    at _runTest (/workspace/node_modules/jest-circus/build/run.js:252:3)
    at _runTestsForDescribeBlock (/workspace/node_modules/jest-circus/build/run.js:126:9)
    at _runTestsForDescribeBlock (/workspace/node_modules/jest-circus/build/run.js:121:9)
    at run (/workspace/node_modules/jest-circus/build/run.js:71:3)
    at runAndTransformResultsToJestFormat (/workspace/node_modules/jest-circus/build/legacy-code-todo-rewrite/jestAdapterInit.js:122:21)
    at jestAdapter (/workspace/node_modules/jest-circus/build/legacy-code-todo-rewrite/jestAdapter.js:79:19)
    at runTestInternal (/workspace/node_modules/jest-runner/build/runTest.js:367:16)
    at runTest (/workspace/node_modules/jest-runner/build/runTest.js:444:34)</failure>
    </testcase>
    <testcase classname="Login Component handles MFA requirement" name="Login Component handles MFA requirement" time="1.089">
      <failure>Error: Unable to find an element with the text: /two-factor authentication/i. This could be because the text is broken up by multiple elements. In this case, you can provide a function for your text matcher to make your matcher more flexible.

Ignored nodes: comments, script, style
&lt;body&gt;
  &lt;div&gt;
    &lt;div
      class=&quot;MuiPaper-root MuiPaper-elevation MuiPaper-rounded MuiPaper-elevation6 css-1mbg34z-MuiPaper-root&quot;
    &gt;
      &lt;div
        class=&quot;MuiBox-root css-3b2wtl&quot;
      &gt;
        &lt;h1
          class=&quot;MuiTypography-root MuiTypography-h3 MuiTypography-gutterBottom css-f7j15g-MuiTypography-root&quot;
        &gt;
          Welcome Back
        &lt;/h1&gt;
        &lt;h6
          class=&quot;MuiTypography-root MuiTypography-h6 css-zv7rj8-MuiTypography-root&quot;
        &gt;
          Sign in to continue to Kelmah
        &lt;/h6&gt;
      &lt;/div&gt;
      &lt;form
        class=&quot;MuiBox-root css-1yuhvjn&quot;
      &gt;
        &lt;div
          class=&quot;MuiFormControl-root MuiFormControl-fullWidth MuiTextField-root css-32yp37-MuiFormControl-root-MuiTextField-root&quot;
        &gt;
          &lt;label
            class=&quot;MuiFormLabel-root MuiInputLabel-root MuiInputLabel-formControl MuiInputLabel-animated MuiInputLabel-shrink MuiInputLabel-sizeMedium MuiInputLabel-outlined MuiFormLabel-colorPrimary MuiFormLabel-filled Mui-required MuiInputLabel-root MuiInputLabel-formControl MuiInputLabel-animated MuiInputLabel-shrink MuiInputLabel-sizeMedium MuiInputLabel-outlined css-1jy569b-MuiFormLabel-root-MuiInputLabel-root&quot;
            data-shrink=&quot;true&quot;
            for=&quot;:rc:&quot;
            id=&quot;:rc:-label&quot;
          &gt;
            Email Address
            &lt;span
              aria-hidden=&quot;true&quot;
              class=&quot;MuiFormLabel-asterisk MuiInputLabel-asterisk css-wgai2y-MuiFormLabel-asterisk&quot;
            &gt;
               
              *
            &lt;/span&gt;
          &lt;/label&gt;
          &lt;div
            class=&quot;MuiInputBase-root MuiOutlinedInput-root MuiInputBase-colorPrimary MuiInputBase-fullWidth MuiInputBase-formControl css-8vcyns-MuiInputBase-root-MuiOutlinedInput-root&quot;
          &gt;
            &lt;input
              aria-invalid=&quot;false&quot;
              class=&quot;MuiInputBase-input MuiOutlinedInput-input css-1t8l2tu-MuiInputBase-input-MuiOutlinedInput-input&quot;
              id=&quot;:rc:&quot;
              name=&quot;email&quot;
              required=&quot;&quot;
              type=&quot;text&quot;
              value=&quot;test@example.com&quot;
            /&gt;
            &lt;fieldset
              aria-hidden=&quot;true&quot;
              class=&quot;MuiOutlinedInput-notchedOutline css-1d3z3hw-MuiOutlinedInput-notchedOutline&quot;
            &gt;
              &lt;legend
                class=&quot;css-14lo706&quot;
              &gt;
                &lt;span&gt;
                  Email Address
                   
                  *
                &lt;/span&gt;
              &lt;/legend&gt;
            &lt;/fieldset&gt;
          &lt;/div&gt;
        &lt;/div&gt;
        &lt;div
          class=&quot;MuiFormControl-root MuiFormControl-fullWidth MuiTextField-root css-1j5gcdd-MuiFormControl-root-MuiTextField-root&quot;
        &gt;
          &lt;label
            class=&quot;MuiFormLabel-root MuiInputLabel-root MuiInputLabel-formControl MuiInputLabel-animated MuiInputLabel-shrink MuiInputLabel-sizeMedium MuiInputLabel-outlined MuiFormLabel-colorPrimary MuiFormLabel-filled Mui-required MuiInputLabel-root MuiInputLabel-formControl MuiInputLabel-animated MuiInputLabel-shrink MuiInputLabel-sizeMedium MuiInputLabel-outlined css-1jy569b-MuiFormLabel-root-MuiInputLabel-root&quot;
            data-shrink=&quot;true&quot;
            for=&quot;:rd:&quot;
            id=&quot;:rd:-label&quot;
          &gt;
            Password
            &lt;span
              aria-hidden=&quot;true&quot;
              class=&quot;MuiFormLabel-asterisk MuiInputLabel-asterisk css-wgai2y-MuiFormLabel-asterisk&quot;
            &gt;
               
              *
            &lt;/span&gt;
          &lt;/label&gt;
          &lt;div
            class=&quot;MuiInputBase-root MuiOutlinedInput-root MuiInputBase-colorPrimary MuiInputBase-fullWidth MuiInputBase-formControl MuiInputBase-adornedEnd css-16zpr8n-MuiInputBase-root-MuiOutlinedInput-root&quot;
          &gt;
            &lt;input
              aria-invalid=&quot;false&quot;
              class=&quot;MuiInputBase-input MuiOutlinedInput-input MuiInputBase-inputAdornedEnd css-nxo287-MuiInputBase-input-MuiOutlinedInput-input&quot;
              id=&quot;:rd:&quot;
              name=&quot;password&quot;
              required=&quot;&quot;
              type=&quot;password&quot;
              value=&quot;Password123&quot;
            /&gt;
            &lt;div
              class=&quot;MuiInputAdornment-root MuiInputAdornment-positionEnd MuiInputAdornment-outlined MuiInputAdornment-sizeMedium css-1laqsz7-MuiInputAdornment-root&quot;
            &gt;
              &lt;button
                class=&quot;MuiButtonBase-root MuiIconButton-root MuiIconButton-edgeEnd MuiIconButton-sizeMedium css-1yq5fb3-MuiButtonBase-root-MuiIconButton-root&quot;
                tabindex=&quot;0&quot;
                type=&quot;button&quot;
              &gt;
                &lt;svg
                  aria-hidden=&quot;true&quot;
                  class=&quot;MuiSvgIcon-root MuiSvgIcon-fontSizeMedium css-i4bv87-MuiSvgIcon-root&quot;
                  data-testid=&quot;VisibilityIcon&quot;
                  focusable=&quot;false&quot;
                  viewBox=&quot;0 0 24 24&quot;
                &gt;
                  &lt;path
                    d=&quot;M12 4.5C7 4.5 2.73 7.61 1 12c1.73 4.39 6 7.5 11 7.5s9.27-3.11 11-7.5c-1.73-4.39-6-7.5-11-7.5M12 17c-2.76 0-5-2.24-5-5s2.24-5 5-5 5 2.24 5 5-2.24 5-5 5m0-8c-1.66 0-3 1.34-3 3s1.34 3 3 3 3-1.34 3-3-1.34-3-3-3&quot;
                  /&gt;
                &lt;/svg&gt;
                &lt;span
                  class=&quot;MuiTouchRipple-root css-8je8zh-MuiTouchRipple-root&quot;
                /&gt;
              &lt;/button&gt;
            &lt;/div&gt;
            &lt;fieldset
         ...
    at waitForWrapper (/workspace/node_modules/@testing-library/react/node_modules/@testing-library/dom/dist/wait-for.js:163:27)
    at _callee7$ (/workspace/kelmah-frontend/src/tests/components/auth/Login.test.jsx:235:18)
    at call (/workspace/kelmah-frontend/src/tests/components/auth/Login.test.jsx:2:1)
    at Generator.s (/workspace/kelmah-frontend/src/tests/components/auth/Login.test.jsx:2:1)
    at Generator._invoke [as next] (/workspace/kelmah-frontend/src/tests/components/auth/Login.test.jsx:2:1)
    at asyncGeneratorStep (/workspace/kelmah-frontend/src/tests/components/auth/Login.test.jsx:2:1)
    at asyncGeneratorStep (/workspace/kelmah-frontend/src/tests/components/auth/Login.test.jsx:2:1)
    at _next (/workspace/kelmah-frontend/src/tests/components/auth/Login.test.jsx:2:1)
    at new Promise (&lt;anonymous&gt;)
    at Object.&lt;anonymous&gt; (/workspace/kelmah-frontend/src/tests/components/auth/Login.test.jsx:2:1)
    at Promise.then.completed (/workspace/node_modules/jest-circus/build/utils.js:298:28)
    at new Promise (&lt;anonymous&gt;)
    at callAsyncCircusFn (/workspace/node_modules/jest-circus/build/utils.js:231:10)
    at _callCircusTest (/workspace/node_modules/jest-circus/build/run.js:316:40)
    at runNextTicks (node:internal/process/task_queues:65:5)
    at listOnTimeout (node:internal/timers:549:9)
    at processTimers (node:internal/timers:523:7)
    at _runTest (/workspace/node_modules/jest-circus/build/run.js:252:3)
    at _runTestsForDescribeBlock (/workspace/node_modules/jest-circus/build/run.js:126:9)
    at _runTestsForDescribeBlock (/workspace/node_modules/jest-circus/build/run.js:121:9)
    at run (/workspace/node_modules/jest-circus/build/run.js:71:3)
    at runAndTransformResultsToJestFormat (/workspace/node_modules/jest-circus/build/legacy-code-todo-rewrite/jestAdapterInit.js:122:21)
    at jestAdapter (/workspace/node_modules/jest-circus/build/legacy-code-todo-rewrite/jestAdapter.js:79:19)
    at runTestInternal (/workspace/node_modules/jest-runner/build/runTest.js:367:16)
    at runTest (/workspace/node_modules/jest-runner/build/runTest.js:444:34)</failure>
    </testcase>
  </testsuite>
</testsuites>